#-----------------------------------------------------------
# Vivado v2023.1 (64-bit)
# SW Build 3865809 on Sun May  7 15:05:29 MDT 2023
# IP Build 3864474 on Sun May  7 20:36:21 MDT 2023
# SharedData Build 3865790 on Sun May 07 13:33:03 MDT 2023
# Start of session at: Tue Jun 11 15:45:19 2024
# Process ID: 5388
# Current directory: C:/Users/Sebastian/Documents/DTU/2.semester/02113/02113---Digital-Systems-Design-Project/code_v1.0/vivado/Basys3Game/Basys3Game.runs/impl_1
# Command line: vivado.exe -log Top.vdi -applog -product Vivado -messageDb vivado.pb -mode batch -source Top.tcl -notrace
# Log file: C:/Users/Sebastian/Documents/DTU/2.semester/02113/02113---Digital-Systems-Design-Project/code_v1.0/vivado/Basys3Game/Basys3Game.runs/impl_1/Top.vdi
# Journal file: C:/Users/Sebastian/Documents/DTU/2.semester/02113/02113---Digital-Systems-Design-Project/code_v1.0/vivado/Basys3Game/Basys3Game.runs/impl_1\vivado.jou
# Running On: DESKTOP-84DLNJI, OS: Windows, CPU Frequency: 2112 MHz, CPU Physical cores: 12, Host memory: 8197 MB
#-----------------------------------------------------------
source Top.tcl -notrace
